// Vitest Snapshot v1, https://vitest.dev/guide/snapshot.html

exports[`renders 1`] = `
{
  "asFragment": [Function],
  "baseElement": <body>
    <div>
      <div
        class="page-wrapper login-page-wrapper"
      >
        <form
          action="javascript:throw new Error('A React form was unexpectedly submitted. If you called form.submit() manually, consider using form.requestSubmit() instead. If you\\'re trying to use event.stopPropagation() in a submit event handler, consider also calling event.preventDefault().')"
          class="login-form"
        >
          <div
            class="container"
          >
            <input
              id="username"
              name="username"
              type="text"
            />
            <label
              for="username"
            >
              nome utente
            </label>
          </div>
          <div
            class="container"
          >
            <input
              id="password"
              name="password"
              type="password"
            />
            <label
              for="password"
            >
              password
            </label>
          </div>
          <label>
            <input
              name="rememberMe"
              type="checkbox"
            />
            ricordami
          </label>
          <div
            class="button-wrapper"
          >
            <button
              class="btn"
              type="submit"
            >
              accedi
            </button>
          </div>
        </form>
      </div>
    </div>
  </body>,
  "container": <div>
    <div
      class="page-wrapper login-page-wrapper"
    >
      <form
        action="javascript:throw new Error('A React form was unexpectedly submitted. If you called form.submit() manually, consider using form.requestSubmit() instead. If you\\'re trying to use event.stopPropagation() in a submit event handler, consider also calling event.preventDefault().')"
        class="login-form"
      >
        <div
          class="container"
        >
          <input
            id="username"
            name="username"
            type="text"
          />
          <label
            for="username"
          >
            nome utente
          </label>
        </div>
        <div
          class="container"
        >
          <input
            id="password"
            name="password"
            type="password"
          />
          <label
            for="password"
          >
            password
          </label>
        </div>
        <label>
          <input
            name="rememberMe"
            type="checkbox"
          />
          ricordami
        </label>
        <div
          class="button-wrapper"
        >
          <button
            class="btn"
            type="submit"
          >
            accedi
          </button>
        </div>
      </form>
    </div>
  </div>,
  "debug": [Function],
  "findAllByAltText": [Function],
  "findAllByDisplayValue": [Function],
  "findAllByLabelText": [Function],
  "findAllByPlaceholderText": [Function],
  "findAllByRole": [Function],
  "findAllByTestId": [Function],
  "findAllByText": [Function],
  "findAllByTitle": [Function],
  "findByAltText": [Function],
  "findByDisplayValue": [Function],
  "findByLabelText": [Function],
  "findByPlaceholderText": [Function],
  "findByRole": [Function],
  "findByTestId": [Function],
  "findByText": [Function],
  "findByTitle": [Function],
  "getAllByAltText": [Function],
  "getAllByDisplayValue": [Function],
  "getAllByLabelText": [Function],
  "getAllByPlaceholderText": [Function],
  "getAllByRole": [Function],
  "getAllByTestId": [Function],
  "getAllByText": [Function],
  "getAllByTitle": [Function],
  "getByAltText": [Function],
  "getByDisplayValue": [Function],
  "getByLabelText": [Function],
  "getByPlaceholderText": [Function],
  "getByRole": [Function],
  "getByTestId": [Function],
  "getByText": [Function],
  "getByTitle": [Function],
  "queryAllByAltText": [Function],
  "queryAllByDisplayValue": [Function],
  "queryAllByLabelText": [Function],
  "queryAllByPlaceholderText": [Function],
  "queryAllByRole": [Function],
  "queryAllByTestId": [Function],
  "queryAllByText": [Function],
  "queryAllByTitle": [Function],
  "queryByAltText": [Function],
  "queryByDisplayValue": [Function],
  "queryByLabelText": [Function],
  "queryByPlaceholderText": [Function],
  "queryByRole": [Function],
  "queryByTestId": [Function],
  "queryByText": [Function],
  "queryByTitle": [Function],
  "rerender": [Function],
  "unmount": [Function],
}
`;
