// Vitest Snapshot v1, https://vitest.dev/guide/snapshot.html

exports[`renders 1`] = `
{
  "asFragment": [Function],
  "baseElement": <body>
    <div>
      <div
        class="wrapper"
        data-testid="search-page"
      >
        <div
          class="top-app-bar"
        >
          <button
            class="icon-btn"
            type="button"
          >
            <svg
              aria-hidden="true"
              class="icon"
              focusable="false"
              viewBox="0 0 24 24"
            >
              <path
                d="M12 8c1.1 0 2-.9 2-2s-.9-2-2-2-2 .9-2 2 .9 2 2 2m0 2c-1.1 0-2 .9-2 2s.9 2 2 2 2-.9 2-2-.9-2-2-2m0 6c-1.1 0-2 .9-2 2s.9 2 2 2 2-.9 2-2-.9-2-2-2"
              />
            </svg>
          </button>
          <div
            class="loeader secondary"
            role="progressbar"
          />
          <h1>
            Ricerca
          </h1>
          <a
            class="link-no-style"
            data-discover="true"
            href="/view-all"
          >
            <button
              class="icon-btn"
              type="button"
            >
              <div
                class="badge-wrapper"
              >
                <div
                  class="badge"
                >
                  0
                </div>
                <svg
                  aria-hidden="true"
                  class="icon"
                  focusable="false"
                  viewBox="0 0 24 24"
                >
                  <path
                    d="M18 2H6c-1.1 0-2 .9-2 2v16c0 1.1.9 2 2 2h12c1.1 0 2-.9 2-2V4c0-1.1-.9-2-2-2M6 4h5v8l-2.5-1.5L6 12z"
                  />
                </svg>
              </div>
            </button>
          </a>
        </div>
        <div
          class="book-form-and-sorting-bar"
        >
          <form
            action="javascript:throw new Error('A React form was unexpectedly submitted. If you called form.submit() manually, consider using form.requestSubmit() instead. If you\\'re trying to use event.stopPropagation() in a submit event handler, consider also calling event.preventDefault().')"
            name="book-form"
          >
            <div
              class="input-wrapper"
            >
              <div
                class="container"
              >
                <input
                  id="author"
                  name="author"
                  type="text"
                  value=""
                />
                <label
                  for="author"
                >
                  autore
                </label>
              </div>
              <div
                class="container"
              >
                <input
                  id="title"
                  name="title"
                  type="text"
                  value=""
                />
                <label
                  for="title"
                >
                  titolo
                </label>
              </div>
              <div
                class="container"
              >
                <input
                  id="location"
                  name="location"
                  type="text"
                  value=""
                />
                <label
                  for="location"
                >
                  collocazione
                </label>
              </div>
              <div
                class="container"
              >
                <input
                  id="category"
                  name="category"
                  placeholder="cate"
                  type="text"
                  value=""
                />
                <label
                  for="category"
                >
                  categoria
                </label>
              </div>
              <label>
                <input
                  name="showOnlyNotRead"
                  type="checkbox"
                />
                non letto
              </label>
            </div>
            <div
              class="buttons-wrapper"
            >
              <button
                class="btn"
                type="submit"
              >
                <svg
                  aria-hidden="true"
                  class="icon"
                  focusable="false"
                  viewBox="0 0 24 24"
                >
                  <path
                    d="M15.5 14h-.79l-.28-.27C15.41 12.59 16 11.11 16 9.5 16 5.91 13.09 3 9.5 3S3 5.91 3 9.5 5.91 16 9.5 16c1.61 0 3.09-.59 4.23-1.57l.27.28v.79l5 4.99L20.49 19zm-6 0C7.01 14 5 11.99 5 9.5S7.01 5 9.5 5 14 7.01 14 9.5 11.99 14 9.5 14"
                  />
                </svg>
                Ricerca
              </button>
              <button
                class="btn secondary"
                type="reset"
              >
                <svg
                  aria-hidden="true"
                  class="icon"
                  focusable="false"
                  viewBox="0 0 24 24"
                >
                  <path
                    d="M19 6.41 17.59 5 12 10.59 6.41 5 5 6.41 10.59 12 5 17.59 6.41 19 12 13.41 17.59 19 19 17.59 13.41 12z"
                  />
                </svg>
                reset
              </button>
            </div>
          </form>
          <fieldset
            class="container"
          >
            <legend>
              0
               risultati • ordina per
            </legend>
            <label>
              <input
                checked=""
                name="sortingKey"
                type="radio"
                value="author"
              />
              autore
            </label>
            <label>
              <input
                name="sortingKey"
                type="radio"
                value="title"
              />
              titolo
            </label>
            <label>
              <input
                name="sortingKey"
                type="radio"
                value="location"
              />
              coll.
            </label>
            <label>
              <input
                name="sortingKey"
                type="radio"
                value="category"
              />
              cat.
            </label>
            <button
              class="icon-btn"
              data-testid="sorting-btn"
              type="button"
            >
              <svg
                aria-hidden="true"
                class="icon"
                focusable="false"
                viewBox="0 0 24 24"
              >
                <path
                  d="m20 12-1.41-1.41L13 16.17V4h-2v12.17l-5.58-5.59L4 12l8 8z"
                />
              </svg>
            </button>
          </fieldset>
        </div>
        <div
          role="list"
          style="position: relative; max-height: 100%; flex-grow: 1; overflow-y: auto;"
        >
          <div
            aria-hidden="true"
            style="height: 0px; width: 100%; z-index: -1;"
          />
        </div>
        <a
          class="link-no-style fab-link"
          data-discover="true"
          href="/add"
        >
          <button
            aria-label="add"
            class="fab"
            type="button"
          >
            <svg
              aria-hidden="true"
              class="icon"
              focusable="false"
              viewBox="0 0 24 24"
            >
              <path
                d="M19 13h-6v6h-2v-6H5v-2h6V5h2v6h6z"
              />
            </svg>
          </button>
        </a>
      </div>
    </div>
  </body>,
  "container": <div>
    <div
      class="wrapper"
      data-testid="search-page"
    >
      <div
        class="top-app-bar"
      >
        <button
          class="icon-btn"
          type="button"
        >
          <svg
            aria-hidden="true"
            class="icon"
            focusable="false"
            viewBox="0 0 24 24"
          >
            <path
              d="M12 8c1.1 0 2-.9 2-2s-.9-2-2-2-2 .9-2 2 .9 2 2 2m0 2c-1.1 0-2 .9-2 2s.9 2 2 2 2-.9 2-2-.9-2-2-2m0 6c-1.1 0-2 .9-2 2s.9 2 2 2 2-.9 2-2-.9-2-2-2"
            />
          </svg>
        </button>
        <div
          class="loeader secondary"
          role="progressbar"
        />
        <h1>
          Ricerca
        </h1>
        <a
          class="link-no-style"
          data-discover="true"
          href="/view-all"
        >
          <button
            class="icon-btn"
            type="button"
          >
            <div
              class="badge-wrapper"
            >
              <div
                class="badge"
              >
                0
              </div>
              <svg
                aria-hidden="true"
                class="icon"
                focusable="false"
                viewBox="0 0 24 24"
              >
                <path
                  d="M18 2H6c-1.1 0-2 .9-2 2v16c0 1.1.9 2 2 2h12c1.1 0 2-.9 2-2V4c0-1.1-.9-2-2-2M6 4h5v8l-2.5-1.5L6 12z"
                />
              </svg>
            </div>
          </button>
        </a>
      </div>
      <div
        class="book-form-and-sorting-bar"
      >
        <form
          action="javascript:throw new Error('A React form was unexpectedly submitted. If you called form.submit() manually, consider using form.requestSubmit() instead. If you\\'re trying to use event.stopPropagation() in a submit event handler, consider also calling event.preventDefault().')"
          name="book-form"
        >
          <div
            class="input-wrapper"
          >
            <div
              class="container"
            >
              <input
                id="author"
                name="author"
                type="text"
                value=""
              />
              <label
                for="author"
              >
                autore
              </label>
            </div>
            <div
              class="container"
            >
              <input
                id="title"
                name="title"
                type="text"
                value=""
              />
              <label
                for="title"
              >
                titolo
              </label>
            </div>
            <div
              class="container"
            >
              <input
                id="location"
                name="location"
                type="text"
                value=""
              />
              <label
                for="location"
              >
                collocazione
              </label>
            </div>
            <div
              class="container"
            >
              <input
                id="category"
                name="category"
                placeholder="cate"
                type="text"
                value=""
              />
              <label
                for="category"
              >
                categoria
              </label>
            </div>
            <label>
              <input
                name="showOnlyNotRead"
                type="checkbox"
              />
              non letto
            </label>
          </div>
          <div
            class="buttons-wrapper"
          >
            <button
              class="btn"
              type="submit"
            >
              <svg
                aria-hidden="true"
                class="icon"
                focusable="false"
                viewBox="0 0 24 24"
              >
                <path
                  d="M15.5 14h-.79l-.28-.27C15.41 12.59 16 11.11 16 9.5 16 5.91 13.09 3 9.5 3S3 5.91 3 9.5 5.91 16 9.5 16c1.61 0 3.09-.59 4.23-1.57l.27.28v.79l5 4.99L20.49 19zm-6 0C7.01 14 5 11.99 5 9.5S7.01 5 9.5 5 14 7.01 14 9.5 11.99 14 9.5 14"
                />
              </svg>
              Ricerca
            </button>
            <button
              class="btn secondary"
              type="reset"
            >
              <svg
                aria-hidden="true"
                class="icon"
                focusable="false"
                viewBox="0 0 24 24"
              >
                <path
                  d="M19 6.41 17.59 5 12 10.59 6.41 5 5 6.41 10.59 12 5 17.59 6.41 19 12 13.41 17.59 19 19 17.59 13.41 12z"
                />
              </svg>
              reset
            </button>
          </div>
        </form>
        <fieldset
          class="container"
        >
          <legend>
            0
             risultati • ordina per
          </legend>
          <label>
            <input
              checked=""
              name="sortingKey"
              type="radio"
              value="author"
            />
            autore
          </label>
          <label>
            <input
              name="sortingKey"
              type="radio"
              value="title"
            />
            titolo
          </label>
          <label>
            <input
              name="sortingKey"
              type="radio"
              value="location"
            />
            coll.
          </label>
          <label>
            <input
              name="sortingKey"
              type="radio"
              value="category"
            />
            cat.
          </label>
          <button
            class="icon-btn"
            data-testid="sorting-btn"
            type="button"
          >
            <svg
              aria-hidden="true"
              class="icon"
              focusable="false"
              viewBox="0 0 24 24"
            >
              <path
                d="m20 12-1.41-1.41L13 16.17V4h-2v12.17l-5.58-5.59L4 12l8 8z"
              />
            </svg>
          </button>
        </fieldset>
      </div>
      <div
        role="list"
        style="position: relative; max-height: 100%; flex-grow: 1; overflow-y: auto;"
      >
        <div
          aria-hidden="true"
          style="height: 0px; width: 100%; z-index: -1;"
        />
      </div>
      <a
        class="link-no-style fab-link"
        data-discover="true"
        href="/add"
      >
        <button
          aria-label="add"
          class="fab"
          type="button"
        >
          <svg
            aria-hidden="true"
            class="icon"
            focusable="false"
            viewBox="0 0 24 24"
          >
            <path
              d="M19 13h-6v6h-2v-6H5v-2h6V5h2v6h6z"
            />
          </svg>
        </button>
      </a>
    </div>
  </div>,
  "debug": [Function],
  "findAllByAltText": [Function],
  "findAllByDisplayValue": [Function],
  "findAllByLabelText": [Function],
  "findAllByPlaceholderText": [Function],
  "findAllByRole": [Function],
  "findAllByTestId": [Function],
  "findAllByText": [Function],
  "findAllByTitle": [Function],
  "findByAltText": [Function],
  "findByDisplayValue": [Function],
  "findByLabelText": [Function],
  "findByPlaceholderText": [Function],
  "findByRole": [Function],
  "findByTestId": [Function],
  "findByText": [Function],
  "findByTitle": [Function],
  "getAllByAltText": [Function],
  "getAllByDisplayValue": [Function],
  "getAllByLabelText": [Function],
  "getAllByPlaceholderText": [Function],
  "getAllByRole": [Function],
  "getAllByTestId": [Function],
  "getAllByText": [Function],
  "getAllByTitle": [Function],
  "getByAltText": [Function],
  "getByDisplayValue": [Function],
  "getByLabelText": [Function],
  "getByPlaceholderText": [Function],
  "getByRole": [Function],
  "getByTestId": [Function],
  "getByText": [Function],
  "getByTitle": [Function],
  "queryAllByAltText": [Function],
  "queryAllByDisplayValue": [Function],
  "queryAllByLabelText": [Function],
  "queryAllByPlaceholderText": [Function],
  "queryAllByRole": [Function],
  "queryAllByTestId": [Function],
  "queryAllByText": [Function],
  "queryAllByTitle": [Function],
  "queryByAltText": [Function],
  "queryByDisplayValue": [Function],
  "queryByLabelText": [Function],
  "queryByPlaceholderText": [Function],
  "queryByRole": [Function],
  "queryByTestId": [Function],
  "queryByText": [Function],
  "queryByTitle": [Function],
  "rerender": [Function],
  "unmount": [Function],
}
`;
